thread '<unnamed>' panicked at 'free ice cream for everyone!!!', marker_uilints/src/lib.rs:71:21
note: run with `RUST_BACKTRACE=1` environment variable to display a backtrace
fatal runtime error: Rust cannot catch foreign exceptions
