warning: print test
 --> $DIR/print_closure_expr.rs:4:5
  |
4 | /     let _print_simple_closure = || {
5 | |         1 + 1;
6 | |     };
  | |______^
  |
  = note: Closure(
              ClosureExpr {
                  data: CommonExprData {
                      _lifetime: PhantomData<&()>,
                      id: ExprId(..),
                      span: SpanId(..),
                  },
                  callable_data: CommonCallableData {
                      constness: NotConst,
                      syncness: Sync,
                      safety: Safe,
                      is_extern: false,
                      abi: Default,
                      has_self: false,
                      params: [],
                      return_ty: None,
                  },
                  capture_kind: Default,
                  body: BodyId(..),
              },
          )
  = note: `#[warn(marker::test_lint)]` on by default

warning: print test
 --> $DIR/print_closure_expr.rs:7:5
  |
7 |     let _print_with_args = |x: u32, y: u32| x + y;
  |     ^^^^^^^^^^^^^^^^^^^^^^^^^^^^^^^^^^^^^^^^^^^^^^
  |
  = note: Closure(
              ClosureExpr {
                  data: CommonExprData {
                      _lifetime: PhantomData<&()>,
                      id: ExprId(..),
                      span: SpanId(..),
                  },
                  callable_data: CommonCallableData {
                      constness: NotConst,
                      syncness: Sync,
                      safety: Safe,
                      is_extern: false,
                      abi: Default,
                      has_self: false,
                      params: [
                          Parameter {
                              name: None,
                              ty: Some(
                                  Num(
                                      SynNumTy {
                                          data: CommonSynTyData {
                                              _lifetime: PhantomData<&()>,
                                              span: SpanId(..),
                                          },
                                          numeric_kind: U32,
                                      },
                                  ),
                              ),
                              span: None,
                          },
                          Parameter {
                              name: None,
                              ty: Some(
                                  Num(
                                      SynNumTy {
                                          data: CommonSynTyData {
                                              _lifetime: PhantomData<&()>,
                                              span: SpanId(..),
                                          },
                                          numeric_kind: U32,
                                      },
                                  ),
                              ),
                              span: None,
                          },
                      ],
                      return_ty: None,
                  },
                  capture_kind: Default,
                  body: BodyId(..),
              },
          )

warning: print test
 --> $DIR/print_closure_expr.rs:8:5
  |
8 |     let _print_move = move || a;
  |     ^^^^^^^^^^^^^^^^^^^^^^^^^^^^
  |
  = note: Closure(
              ClosureExpr {
                  data: CommonExprData {
                      _lifetime: PhantomData<&()>,
                      id: ExprId(..),
                      span: SpanId(..),
                  },
                  callable_data: CommonCallableData {
                      constness: NotConst,
                      syncness: Sync,
                      safety: Safe,
                      is_extern: false,
                      abi: Default,
                      has_self: false,
                      params: [],
                      return_ty: None,
                  },
                  capture_kind: Move,
                  body: BodyId(..),
              },
          )

warning: 3 warnings emitted

