warning: print test
  --> $DIR/print_path_expr.rs:29:5
   |
29 |     let _print_path = rand(7);
   |     ^^^^^^^^^^^^^^^^^^^^^^^^^^
   |
   = note: Call(
               CallExpr {
                   data: CommonExprData {
                       _lifetime: PhantomData<&()>,
                       id: ExprId(..),
                       span: SpanId(..),
                   },
                   operand: Path(
                       PathExpr {
                           data: CommonExprData {
                               _lifetime: PhantomData<&()>,
                               id: ExprId(..),
                               span: SpanId(..),
                           },
                           path: AstQPath {
                               self_ty: None,
                               path_ty: None,
                               path: AstPath {
                                   segments: [
                                       AstPathSegment {
                                           ident: Ident {
                                               name: "rand",
                                               span: Span {
                                                   source: File(
                                                       "$DIR/print_path_expr.rs",
                                                   ),
                                                   start: 359,
                                                   end: 363,
                                               },
                                           },
                                           generics: SynGenericArgs {
                                               args: [],
                                           },
                                       },
                                   ],
                               },
                               target: Item(
                                   ItemId(..),
                               ),
                           },
                       },
                   ),
                   args: [
                       IntLit(
                           IntLitExpr {
                               data: CommonExprData {
                                   _lifetime: PhantomData<&()>,
                                   id: ExprId(..),
                                   span: SpanId(..),
                               },
                               value: 7,
                               suffix: None,
                           },
                       ),
                   ],
               },
           )
   = note: `#[warn(marker::test_lint)]` on by default

warning: print test
  --> $DIR/print_path_expr.rs:30:5
   |
30 |     let _print_path = Vec::<u32>::new();
   |     ^^^^^^^^^^^^^^^^^^^^^^^^^^^^^^^^^^^^
   |
   = note: Call(
               CallExpr {
                   data: CommonExprData {
                       _lifetime: PhantomData<&()>,
                       id: ExprId(..),
                       span: SpanId(..),
                   },
                   operand: Path(
                       PathExpr {
                           data: CommonExprData {
                               _lifetime: PhantomData<&()>,
                               id: ExprId(..),
                               span: SpanId(..),
                           },
                           path: AstQPath {
                               self_ty: None,
                               path_ty: Some(
                                   Path(
                                       SynPathTy {
                                           data: CommonSynTyData {
                                               _lifetime: PhantomData<&()>,
                                               span: SpanId(..),
                                           },
                                           path: AstQPath {
                                               self_ty: None,
                                               path_ty: None,
                                               path: AstPath {
                                                   segments: [
                                                       AstPathSegment {
                                                           ident: Ident {
                                                               name: "Vec",
                                                               span: Span {
                                                                   source: File(
                                                                       "$DIR/print_path_expr.rs",
                                                                   ),
                                                                   start: 390,
                                                                   end: 393,
                                                               },
                                                           },
                                                           generics: SynGenericArgs {
                                                               args: [
                                                                   Ty(
                                                                       SynTyArg {
                                                                           ty: Num(
                                                                               SynNumTy {
                                                                                   data: CommonSynTyData {
                                                                                       _lifetime: PhantomData<&()>,
                                                                                       span: SpanId(..),
                                                                                   },
                                                                                   numeric_kind: U32,
                                                                               },
                                                                           ),
                                                                       },
                                                                   ),
                                                               ],
                                                           },
                                                       },
                                                   ],
                                               },
                                               target: Item(
                                                   ItemId(..),
                                               ),
                                           },
                                       },
                                   ),
                               ),
                               path: AstPath {
                                   segments: [
                                       AstPathSegment {
                                           ident: Ident {
                                               name: "Vec",
                                               span: Span {
                                                   source: File(
                                                       "$DIR/print_path_expr.rs",
                                                   ),
                                                   start: 390,
                                                   end: 393,
                                               },
                                           },
                                           generics: SynGenericArgs {
                                               args: [
                                                   Ty(
                                                       SynTyArg {
                                                           ty: Num(
                                                               SynNumTy {
                                                                   data: CommonSynTyData {
                                                                       _lifetime: PhantomData<&()>,
                                                                       span: SpanId(..),
                                                                   },
                                                                   numeric_kind: U32,
                                                               },
                                                           ),
                                                       },
                                                   ),
                                               ],
                                           },
                                       },
                                       AstPathSegment {
                                           ident: Ident {
                                               name: "new",
                                               span: Span {
                                                   source: File(
                                                       "$DIR/print_path_expr.rs",
                                                   ),
                                                   start: 402,
                                                   end: 405,
                                               },
                                           },
                                           generics: SynGenericArgs {
                                               args: [],
                                           },
                                       },
                                   ],
                               },
                               target: Item(
                                   ItemId(..),
                               ),
                           },
                       },
                   ),
                   args: [],
               },
           )

warning: print test
  --> $DIR/print_path_expr.rs:31:5
   |
31 |     let _print_path = <Magic as B>::CoolTy::a();
   |     ^^^^^^^^^^^^^^^^^^^^^^^^^^^^^^^^^^^^^^^^^^^^
   |
   = note: Call(
               CallExpr {
                   data: CommonExprData {
                       _lifetime: PhantomData<&()>,
                       id: ExprId(..),
                       span: SpanId(..),
                   },
                   operand: Path(
                       PathExpr {
                           data: CommonExprData {
                               _lifetime: PhantomData<&()>,
                               id: ExprId(..),
                               span: SpanId(..),
                           },
                           path: AstQPath {
                               self_ty: None,
                               path_ty: Some(
                                   Path(
                                       SynPathTy {
                                           data: CommonSynTyData {
                                               _lifetime: PhantomData<&()>,
                                               span: SpanId(..),
                                           },
                                           path: AstQPath {
                                               self_ty: Some(
                                                   Path(
                                                       SynPathTy {
                                                           data: CommonSynTyData {
                                                               _lifetime: PhantomData<&()>,
                                                               span: SpanId(..),
                                                           },
                                                           path: AstQPath {
                                                               self_ty: None,
                                                               path_ty: None,
                                                               path: AstPath {
                                                                   segments: [
                                                                       AstPathSegment {
                                                                           ident: Ident {
                                                                               name: "Magic",
                                                                               span: Span {
                                                                                   source: File(
                                                                                       "$DIR/print_path_expr.rs",
                                                                                   ),
                                                                                   start: 432,
                                                                                   end: 437,
                                                                               },
                                                                           },
                                                                           generics: SynGenericArgs {
                                                                               args: [],
                                                                           },
                                                                       },
                                                                   ],
                                                               },
                                                               target: Item(
                                                                   ItemId(..),
                                                               ),
                                                           },
                                                       },
                                                   ),
                                               ),
                                               path_ty: None,
                                               path: AstPath {
                                                   segments: [
                                                       AstPathSegment {
                                                           ident: Ident {
                                                               name: "B",
                                                               span: Span {
                                                                   source: File(
                                                                       "$DIR/print_path_expr.rs",
                                                                   ),
                                                                   start: 441,
                                                                   end: 442,
                                                               },
                                                           },
                                                           generics: SynGenericArgs {
                                                               args: [],
                                                           },
                                                       },
                                                       AstPathSegment {
                                                           ident: Ident {
                                                               name: "CoolTy",
                                                               span: Span {
                                                                   source: File(
                                                                       "$DIR/print_path_expr.rs",
                                                                   ),
                                                                   start: 445,
                                                                   end: 451,
                                                               },
                                                           },
                                                           generics: SynGenericArgs {
                                                               args: [],
                                                           },
                                                       },
                                                   ],
                                               },
                                               target: Item(
                                                   ItemId(..),
                                               ),
                                           },
                                       },
                                   ),
                               ),
                               path: AstPath {
                                   segments: [
                                       AstPathSegment {
                                           ident: Ident {
                                               name: "B",
                                               span: Span {
                                                   source: File(
                                                       "$DIR/print_path_expr.rs",
                                                   ),
                                                   start: 441,
                                                   end: 442,
                                               },
                                           },
                                           generics: SynGenericArgs {
                                               args: [],
                                           },
                                       },
                                       AstPathSegment {
                                           ident: Ident {
                                               name: "CoolTy",
                                               span: Span {
                                                   source: File(
                                                       "$DIR/print_path_expr.rs",
                                                   ),
                                                   start: 445,
                                                   end: 451,
                                               },
                                           },
                                           generics: SynGenericArgs {
                                               args: [],
                                           },
                                       },
                                       AstPathSegment {
                                           ident: Ident {
                                               name: "a",
                                               span: Span {
                                                   source: File(
                                                       "$DIR/print_path_expr.rs",
                                                   ),
                                                   start: 453,
                                                   end: 454,
                                               },
                                           },
                                           generics: SynGenericArgs {
                                               args: [],
                                           },
                                       },
                                   ],
                               },
                               target: Item(
                                   ItemId(..),
                               ),
                           },
                       },
                   ),
                   args: [],
               },
           )

warning: print test
  --> $DIR/print_path_expr.rs:32:5
   |
32 |     let _print_path = <<Magic as B>::CoolTy as A>::a();
   |     ^^^^^^^^^^^^^^^^^^^^^^^^^^^^^^^^^^^^^^^^^^^^^^^^^^^
   |
   = note: Call(
               CallExpr {
                   data: CommonExprData {
                       _lifetime: PhantomData<&()>,
                       id: ExprId(..),
                       span: SpanId(..),
                   },
                   operand: Path(
                       PathExpr {
                           data: CommonExprData {
                               _lifetime: PhantomData<&()>,
                               id: ExprId(..),
                               span: SpanId(..),
                           },
                           path: AstQPath {
                               self_ty: Some(
                                   Path(
                                       SynPathTy {
                                           data: CommonSynTyData {
                                               _lifetime: PhantomData<&()>,
                                               span: SpanId(..),
                                           },
                                           path: AstQPath {
                                               self_ty: Some(
                                                   Path(
                                                       SynPathTy {
                                                           data: CommonSynTyData {
                                                               _lifetime: PhantomData<&()>,
                                                               span: SpanId(..),
                                                           },
                                                           path: AstQPath {
                                                               self_ty: None,
                                                               path_ty: None,
                                                               path: AstPath {
                                                                   segments: [
                                                                       AstPathSegment {
                                                                           ident: Ident {
                                                                               name: "Magic",
                                                                               span: Span {
                                                                                   source: File(
                                                                                       "$DIR/print_path_expr.rs",
                                                                                   ),
                                                                                   start: 482,
                                                                                   end: 487,
                                                                               },
                                                                           },
                                                                           generics: SynGenericArgs {
                                                                               args: [],
                                                                           },
                                                                       },
                                                                   ],
                                                               },
                                                               target: Item(
                                                                   ItemId(..),
                                                               ),
                                                           },
                                                       },
                                                   ),
                                               ),
                                               path_ty: None,
                                               path: AstPath {
                                                   segments: [
                                                       AstPathSegment {
                                                           ident: Ident {
                                                               name: "B",
                                                               span: Span {
                                                                   source: File(
                                                                       "$DIR/print_path_expr.rs",
                                                                   ),
                                                                   start: 491,
                                                                   end: 492,
                                                               },
                                                           },
                                                           generics: SynGenericArgs {
                                                               args: [],
                                                           },
                                                       },
                                                       AstPathSegment {
                                                           ident: Ident {
                                                               name: "CoolTy",
                                                               span: Span {
                                                                   source: File(
                                                                       "$DIR/print_path_expr.rs",
                                                                   ),
                                                                   start: 495,
                                                                   end: 501,
                                                               },
                                                           },
                                                           generics: SynGenericArgs {
                                                               args: [],
                                                           },
                                                       },
                                                   ],
                                               },
                                               target: Item(
                                                   ItemId(..),
                                               ),
                                           },
                                       },
                                   ),
                               ),
                               path_ty: None,
                               path: AstPath {
                                   segments: [
                                       AstPathSegment {
                                           ident: Ident {
                                               name: "A",
                                               span: Span {
                                                   source: File(
                                                       "$DIR/print_path_expr.rs",
                                                   ),
                                                   start: 505,
                                                   end: 506,
                                               },
                                           },
                                           generics: SynGenericArgs {
                                               args: [],
                                           },
                                       },
                                       AstPathSegment {
                                           ident: Ident {
                                               name: "a",
                                               span: Span {
                                                   source: File(
                                                       "$DIR/print_path_expr.rs",
                                                   ),
                                                   start: 509,
                                                   end: 510,
                                               },
                                           },
                                           generics: SynGenericArgs {
                                               args: [],
                                           },
                                       },
                                   ],
                               },
                               target: Item(
                                   ItemId(..),
                               ),
                           },
                       },
                   ),
                   args: [],
               },
           )

warning: print test
  --> $DIR/print_path_expr.rs:35:5
   |
35 |     let _print_path = var;
   |     ^^^^^^^^^^^^^^^^^^^^^^
   |
   = note: Path(
               PathExpr {
                   data: CommonExprData {
                       _lifetime: PhantomData<&()>,
                       id: ExprId(..),
                       span: SpanId(..),
                   },
                   path: AstQPath {
                       self_ty: None,
                       path_ty: None,
                       path: AstPath {
                           segments: [
                               AstPathSegment {
                                   ident: Ident {
                                       name: "var",
                                       span: Span {
                                           source: File(
                                               "$DIR/print_path_expr.rs",
                                           ),
                                           start: 554,
                                           end: 557,
                                       },
                                   },
                                   generics: SynGenericArgs {
                                       args: [],
                                   },
                               },
                           ],
                       },
                       target: Var(
                           VarId(..),
                       ),
                   },
               },
           )

warning: 5 warnings emitted

