thread 'rustc' panicked at 'this is your captain talking, we are about to ICE', marker_rustc_driver/src/conversion/marker/item.rs:72:21
note: run with `RUST_BACKTRACE=1` environment variable to display a backtrace

error: the compiler unexpectedly panicked. this is a bug.

note: we would appreciate a bug report: https://github.com/rust-marker/marker/issues/new?template=panic.yml

note: rustc <version> running on <target>

note: marker_rustc_driver bar

note: Achievement Unlocked: [Free Ice Cream]

