warning: found a `module` item with a test name
  --> $DIR/foo_items.rs:1:1
   |
1  | / mod find_me {
2  | |     const FIND_ME_CONST: i32 = 0;
3  | |
4  | |     static FIND_ME_STATIC: i32 = 0;
...  |
18 | |     trait FindMeTrait {}
19 | | }
   | |_^
   |
   = note: `#[warn(marker::item_with_test_name)]` on by default

warning: found a field with a test name
 --> $DIR/foo_items.rs:9:9
  |
9 |         find_me_field: i32,
  |         ^^^^^^^^^^^^^^^^^^

warning: found an enum variant with a test name
  --> $DIR/foo_items.rs:12:9
   |
12 |         FindMe,
   |         ^^^^^^

warning: found a `use` item with a test name
  --> $DIR/foo_items.rs:21:1
   |
21 | use find_me::find_me_fn as find_me;
   | ^^^^^^^^^^^^^^^^^^^^^^^^^^^^^^^^^^^

warning: 4 warnings emitted

