warning: print test
  --> $DIR/print_object_exprs.rs:20:5
   |
20 |     let _print_method = foo.print();
   |     ^^^^^^^^^^^^^^^^^^^^^^^^^^^^^^^^
   |
   = note: Method(
               MethodExpr {
                   data: CommonExprData {
                       _lifetime: PhantomData<&()>,
                       id: ExprId(..),
                       span: SpanId(..),
                   },
                   receiver: Path(
                       PathExpr {
                           data: CommonExprData {
                               _lifetime: PhantomData<&()>,
                               id: ExprId(..),
                               span: SpanId(..),
                           },
                           path: AstQPath {
                               self_ty: None,
                               path_ty: None,
                               path: AstPath {
                                   segments: [
                                       AstPathSegment {
                                           ident: Ident {
                                               name: "foo",
                                               span: Span {
                                                   source: File(
                                                       "$DIR/print_object_exprs.rs",
                                                   ),
                                                   start: 327,
                                                   end: 330,
                                               },
                                           },
                                           generics: GenericArgs {
                                               args: [],
                                           },
                                       },
                                   ],
                               },
                               target: Var(
                                   VarId(..),
                               ),
                           },
                       },
                   ),
                   method: AstPathSegment {
                       ident: Ident {
                           name: "print",
                           span: Span {
                               source: File(
                                   "$DIR/print_object_exprs.rs",
                               ),
                               start: 331,
                               end: 336,
                           },
                       },
                       generics: GenericArgs {
                           args: [],
                       },
                   },
                   args: [],
               },
           )
   = note: `#[warn(marker::test_lint)]` on by default

warning: print test
  --> $DIR/print_object_exprs.rs:21:5
   |
21 |     let _print_method = foo.inc(2);
   |     ^^^^^^^^^^^^^^^^^^^^^^^^^^^^^^^
   |
   = note: Method(
               MethodExpr {
                   data: CommonExprData {
                       _lifetime: PhantomData<&()>,
                       id: ExprId(..),
                       span: SpanId(..),
                   },
                   receiver: Path(
                       PathExpr {
                           data: CommonExprData {
                               _lifetime: PhantomData<&()>,
                               id: ExprId(..),
                               span: SpanId(..),
                           },
                           path: AstQPath {
                               self_ty: None,
                               path_ty: None,
                               path: AstPath {
                                   segments: [
                                       AstPathSegment {
                                           ident: Ident {
                                               name: "foo",
                                               span: Span {
                                                   source: File(
                                                       "$DIR/print_object_exprs.rs",
                                                   ),
                                                   start: 364,
                                                   end: 367,
                                               },
                                           },
                                           generics: GenericArgs {
                                               args: [],
                                           },
                                       },
                                   ],
                               },
                               target: Var(
                                   VarId(..),
                               ),
                           },
                       },
                   ),
                   method: AstPathSegment {
                       ident: Ident {
                           name: "inc",
                           span: Span {
                               source: File(
                                   "$DIR/print_object_exprs.rs",
                               ),
                               start: 368,
                               end: 371,
                           },
                       },
                       generics: GenericArgs {
                           args: [],
                       },
                   },
                   args: [
                       IntLit(
                           IntLitExpr {
                               data: CommonExprData {
                                   _lifetime: PhantomData<&()>,
                                   id: ExprId(..),
                                   span: SpanId(..),
                               },
                               value: 2,
                               suffix: None,
                           },
                       ),
                   ],
               },
           )

warning: 2 warnings emitted

