warning: X <-- starting with upper case
  --> $DIR/extern_crate.rs:11:70
   |
11 |   pub fn check_expr<'ast>(cx: &AstContext<'ast>, expr: ExprKind<'ast>) {
   |  ______________________________________________________________________^
12 | |     cx.emit_lint(DUMMY, expr.id(), "X <-- starting with upper case", expr.span(), |_| {});
13 | | }
   | |_^
   |
   = note: `#[warn(marker::diag_msg_capital_start)]` on by default

warning: X <-- starting with upper case
  --> $DIR/extern_crate.rs:15:11
   |
15 | fn main() {}
   |           ^^

warning: 2 warnings emitted

