Call(
    CallExpr {
        data: CommonExprData {
            _lifetime: PhantomData<&()>,
            id: ExprId(..),
            span: SpanId(..),
        },
        operand: Path(
            PathExpr {
                data: CommonExprData {
                    _lifetime: PhantomData<&()>,
                    id: ExprId(..),
                    span: SpanId(..),
                },
                path: AstQPath {
                    self_ty: None,
                    path_ty: None,
                    path: AstPath {
                        segments: [
                            AstPathSegment {
                                ident: Ident {
                                    name: "rand",
                                    span: Span {
                                        source: File(
                                            "$DIR/print_path_expr.rs",
                                        ),
                                        start: 359,
                                        end: 363,
                                    },
                                },
                                generics: GenericArgs {
                                    args: [],
                                },
                            },
                        ],
                    },
                    target: Item(
                        ItemId(..),
                    ),
                },
            },
        ),
        args: [
            IntLit(
                IntLitExpr {
                    data: CommonExprData {
                        _lifetime: PhantomData<&()>,
                        id: ExprId(..),
                        span: SpanId(..),
                    },
                    value: 7,
                    suffix: None,
                },
            ),
        ],
    },
)

Call(
    CallExpr {
        data: CommonExprData {
            _lifetime: PhantomData<&()>,
            id: ExprId(..),
            span: SpanId(..),
        },
        operand: Path(
            PathExpr {
                data: CommonExprData {
                    _lifetime: PhantomData<&()>,
                    id: ExprId(..),
                    span: SpanId(..),
                },
                path: AstQPath {
                    self_ty: None,
                    path_ty: Some(
                        Path(
                            PathTy {
                                data: CommonTyData {
                                    _lifetime: PhantomData<&()>,
                                    span: Some(
                                        SpanId(..),
                                    ),
                                    is_syntactic: true,
                                },
                                path: AstQPath {
                                    self_ty: None,
                                    path_ty: None,
                                    path: AstPath {
                                        segments: [
                                            AstPathSegment {
                                                ident: Ident {
                                                    name: "Vec",
                                                    span: Span {
                                                        source: File(
                                                            "$DIR/print_path_expr.rs",
                                                        ),
                                                        start: 390,
                                                        end: 393,
                                                    },
                                                },
                                                generics: GenericArgs {
                                                    args: [
                                                        Ty(
                                                            Num(
                                                                u32,
                                                            ),
                                                        ),
                                                    ],
                                                },
                                            },
                                        ],
                                    },
                                    target: Item(
                                        ItemId(..),
                                    ),
                                },
                            },
                        ),
                    ),
                    path: AstPath {
                        segments: [
                            AstPathSegment {
                                ident: Ident {
                                    name: "Vec",
                                    span: Span {
                                        source: File(
                                            "$DIR/print_path_expr.rs",
                                        ),
                                        start: 390,
                                        end: 393,
                                    },
                                },
                                generics: GenericArgs {
                                    args: [
                                        Ty(
                                            Num(
                                                u32,
                                            ),
                                        ),
                                    ],
                                },
                            },
                            AstPathSegment {
                                ident: Ident {
                                    name: "new",
                                    span: Span {
                                        source: File(
                                            "$DIR/print_path_expr.rs",
                                        ),
                                        start: 402,
                                        end: 405,
                                    },
                                },
                                generics: GenericArgs {
                                    args: [],
                                },
                            },
                        ],
                    },
                    target: Item(
                        ItemId(..),
                    ),
                },
            },
        ),
        args: [],
    },
)

Call(
    CallExpr {
        data: CommonExprData {
            _lifetime: PhantomData<&()>,
            id: ExprId(..),
            span: SpanId(..),
        },
        operand: Path(
            PathExpr {
                data: CommonExprData {
                    _lifetime: PhantomData<&()>,
                    id: ExprId(..),
                    span: SpanId(..),
                },
                path: AstQPath {
                    self_ty: None,
                    path_ty: Some(
                        Path(
                            PathTy {
                                data: CommonTyData {
                                    _lifetime: PhantomData<&()>,
                                    span: Some(
                                        SpanId(..),
                                    ),
                                    is_syntactic: true,
                                },
                                path: AstQPath {
                                    self_ty: Some(
                                        Path(
                                            PathTy {
                                                data: CommonTyData {
                                                    _lifetime: PhantomData<&()>,
                                                    span: Some(
                                                        SpanId(..),
                                                    ),
                                                    is_syntactic: true,
                                                },
                                                path: AstQPath {
                                                    self_ty: None,
                                                    path_ty: None,
                                                    path: AstPath {
                                                        segments: [
                                                            AstPathSegment {
                                                                ident: Ident {
                                                                    name: "Magic",
                                                                    span: Span {
                                                                        source: File(
                                                                            "$DIR/print_path_expr.rs",
                                                                        ),
                                                                        start: 432,
                                                                        end: 437,
                                                                    },
                                                                },
                                                                generics: GenericArgs {
                                                                    args: [],
                                                                },
                                                            },
                                                        ],
                                                    },
                                                    target: Item(
                                                        ItemId(..),
                                                    ),
                                                },
                                            },
                                        ),
                                    ),
                                    path_ty: None,
                                    path: AstPath {
                                        segments: [
                                            AstPathSegment {
                                                ident: Ident {
                                                    name: "B",
                                                    span: Span {
                                                        source: File(
                                                            "$DIR/print_path_expr.rs",
                                                        ),
                                                        start: 441,
                                                        end: 442,
                                                    },
                                                },
                                                generics: GenericArgs {
                                                    args: [],
                                                },
                                            },
                                            AstPathSegment {
                                                ident: Ident {
                                                    name: "CoolTy",
                                                    span: Span {
                                                        source: File(
                                                            "$DIR/print_path_expr.rs",
                                                        ),
                                                        start: 445,
                                                        end: 451,
                                                    },
                                                },
                                                generics: GenericArgs {
                                                    args: [],
                                                },
                                            },
                                        ],
                                    },
                                    target: Item(
                                        ItemId(..),
                                    ),
                                },
                            },
                        ),
                    ),
                    path: AstPath {
                        segments: [
                            AstPathSegment {
                                ident: Ident {
                                    name: "B",
                                    span: Span {
                                        source: File(
                                            "$DIR/print_path_expr.rs",
                                        ),
                                        start: 441,
                                        end: 442,
                                    },
                                },
                                generics: GenericArgs {
                                    args: [],
                                },
                            },
                            AstPathSegment {
                                ident: Ident {
                                    name: "CoolTy",
                                    span: Span {
                                        source: File(
                                            "$DIR/print_path_expr.rs",
                                        ),
                                        start: 445,
                                        end: 451,
                                    },
                                },
                                generics: GenericArgs {
                                    args: [],
                                },
                            },
                            AstPathSegment {
                                ident: Ident {
                                    name: "a",
                                    span: Span {
                                        source: File(
                                            "$DIR/print_path_expr.rs",
                                        ),
                                        start: 453,
                                        end: 454,
                                    },
                                },
                                generics: GenericArgs {
                                    args: [],
                                },
                            },
                        ],
                    },
                    target: Item(
                        ItemId(..),
                    ),
                },
            },
        ),
        args: [],
    },
)

Call(
    CallExpr {
        data: CommonExprData {
            _lifetime: PhantomData<&()>,
            id: ExprId(..),
            span: SpanId(..),
        },
        operand: Path(
            PathExpr {
                data: CommonExprData {
                    _lifetime: PhantomData<&()>,
                    id: ExprId(..),
                    span: SpanId(..),
                },
                path: AstQPath {
                    self_ty: Some(
                        Path(
                            PathTy {
                                data: CommonTyData {
                                    _lifetime: PhantomData<&()>,
                                    span: Some(
                                        SpanId(..),
                                    ),
                                    is_syntactic: true,
                                },
                                path: AstQPath {
                                    self_ty: Some(
                                        Path(
                                            PathTy {
                                                data: CommonTyData {
                                                    _lifetime: PhantomData<&()>,
                                                    span: Some(
                                                        SpanId(..),
                                                    ),
                                                    is_syntactic: true,
                                                },
                                                path: AstQPath {
                                                    self_ty: None,
                                                    path_ty: None,
                                                    path: AstPath {
                                                        segments: [
                                                            AstPathSegment {
                                                                ident: Ident {
                                                                    name: "Magic",
                                                                    span: Span {
                                                                        source: File(
                                                                            "$DIR/print_path_expr.rs",
                                                                        ),
                                                                        start: 482,
                                                                        end: 487,
                                                                    },
                                                                },
                                                                generics: GenericArgs {
                                                                    args: [],
                                                                },
                                                            },
                                                        ],
                                                    },
                                                    target: Item(
                                                        ItemId(..),
                                                    ),
                                                },
                                            },
                                        ),
                                    ),
                                    path_ty: None,
                                    path: AstPath {
                                        segments: [
                                            AstPathSegment {
                                                ident: Ident {
                                                    name: "B",
                                                    span: Span {
                                                        source: File(
                                                            "$DIR/print_path_expr.rs",
                                                        ),
                                                        start: 491,
                                                        end: 492,
                                                    },
                                                },
                                                generics: GenericArgs {
                                                    args: [],
                                                },
                                            },
                                            AstPathSegment {
                                                ident: Ident {
                                                    name: "CoolTy",
                                                    span: Span {
                                                        source: File(
                                                            "$DIR/print_path_expr.rs",
                                                        ),
                                                        start: 495,
                                                        end: 501,
                                                    },
                                                },
                                                generics: GenericArgs {
                                                    args: [],
                                                },
                                            },
                                        ],
                                    },
                                    target: Item(
                                        ItemId(..),
                                    ),
                                },
                            },
                        ),
                    ),
                    path_ty: None,
                    path: AstPath {
                        segments: [
                            AstPathSegment {
                                ident: Ident {
                                    name: "A",
                                    span: Span {
                                        source: File(
                                            "$DIR/print_path_expr.rs",
                                        ),
                                        start: 505,
                                        end: 506,
                                    },
                                },
                                generics: GenericArgs {
                                    args: [],
                                },
                            },
                            AstPathSegment {
                                ident: Ident {
                                    name: "a",
                                    span: Span {
                                        source: File(
                                            "$DIR/print_path_expr.rs",
                                        ),
                                        start: 509,
                                        end: 510,
                                    },
                                },
                                generics: GenericArgs {
                                    args: [],
                                },
                            },
                        ],
                    },
                    target: Item(
                        ItemId(..),
                    ),
                },
            },
        ),
        args: [],
    },
)

Path(
    PathExpr {
        data: CommonExprData {
            _lifetime: PhantomData<&()>,
            id: ExprId(..),
            span: SpanId(..),
        },
        path: AstQPath {
            self_ty: None,
            path_ty: None,
            path: AstPath {
                segments: [
                    AstPathSegment {
                        ident: Ident {
                            name: "var",
                            span: Span {
                                source: File(
                                    "$DIR/print_path_expr.rs",
                                ),
                                start: 554,
                                end: 557,
                            },
                        },
                        generics: GenericArgs {
                            args: [],
                        },
                    },
                ],
            },
            target: Var(
                VarId(..),
            ),
        },
    },
)

