warning: print test
  --> $DIR/print_path_expr.rs:31:5
   |
31 |     let _print_path = rand(7);
   |     ^^^^^^^^^^^^^^^^^^^^^^^^^^
   |
   = note: Call(
               CallExpr {
                   data: CommonExprData {
                       _lifetime: PhantomData<&()>,
                       id: ExprId(..),
                       span: SpanId(..),
                   },
                   operand: Path(
                       PathExpr {
                           data: CommonExprData {
                               _lifetime: PhantomData<&()>,
                               id: ExprId(..),
                               span: SpanId(..),
                           },
                           path: AstQPath {
                               self_ty: None,
                               path_ty: None,
                               path: AstPath {
                                   segments: [
                                       AstPathSegment {
                                           ident: Ident {
                                               name: "rand",
                                               span: Span {
                                                   source: File(
                                                       "$DIR/print_path_expr.rs",
                                                   ),
                                                   start: 413,
                                                   end: 417,
                                               },
                                           },
                                           generics: GenericArgs {
                                               args: [],
                                           },
                                       },
                                   ],
                               },
                               target: Item(
                                   ItemId(..),
                               ),
                           },
                       },
                   ),
                   args: [
                       IntLit(
                           IntLitExpr {
                               data: CommonExprData {
                                   _lifetime: PhantomData<&()>,
                                   id: ExprId(..),
                                   span: SpanId(..),
                               },
                               value: 7,
                               suffix: None,
                           },
                       ),
                   ],
               },
           )
   = note: `#[warn(marker::test_lint)]` on by default

warning: print test
  --> $DIR/print_path_expr.rs:32:5
   |
32 |     let _print_path = Vec::<u32>::new();
   |     ^^^^^^^^^^^^^^^^^^^^^^^^^^^^^^^^^^^^
   |
   = note: Call(
               CallExpr {
                   data: CommonExprData {
                       _lifetime: PhantomData<&()>,
                       id: ExprId(..),
                       span: SpanId(..),
                   },
                   operand: Path(
                       PathExpr {
                           data: CommonExprData {
                               _lifetime: PhantomData<&()>,
                               id: ExprId(..),
                               span: SpanId(..),
                           },
                           path: AstQPath {
                               self_ty: None,
                               path_ty: Some(
                                   Path(
                                       PathTy {
                                           data: CommonSynTyData {
                                               _lifetime: PhantomData<&()>,
                                               span: SpanId(..),
                                           },
                                           path: AstQPath {
                                               self_ty: None,
                                               path_ty: None,
                                               path: AstPath {
                                                   segments: [
                                                       AstPathSegment {
                                                           ident: Ident {
                                                               name: "Vec",
                                                               span: Span {
                                                                   source: File(
                                                                       "$DIR/print_path_expr.rs",
                                                                   ),
                                                                   start: 444,
                                                                   end: 447,
                                                               },
                                                           },
                                                           generics: GenericArgs {
                                                               args: [
                                                                   Ty(
                                                                       Num(
                                                                           u32,
                                                                       ),
                                                                   ),
                                                               ],
                                                           },
                                                       },
                                                   ],
                                               },
                                               target: Item(
                                                   ItemId(..),
                                               ),
                                           },
                                       },
                                   ),
                               ),
                               path: AstPath {
                                   segments: [
                                       AstPathSegment {
                                           ident: Ident {
                                               name: "Vec",
                                               span: Span {
                                                   source: File(
                                                       "$DIR/print_path_expr.rs",
                                                   ),
                                                   start: 444,
                                                   end: 447,
                                               },
                                           },
                                           generics: GenericArgs {
                                               args: [
                                                   Ty(
                                                       Num(
                                                           u32,
                                                       ),
                                                   ),
                                               ],
                                           },
                                       },
                                       AstPathSegment {
                                           ident: Ident {
                                               name: "new",
                                               span: Span {
                                                   source: File(
                                                       "$DIR/print_path_expr.rs",
                                                   ),
                                                   start: 456,
                                                   end: 459,
                                               },
                                           },
                                           generics: GenericArgs {
                                               args: [],
                                           },
                                       },
                                   ],
                               },
                               target: Item(
                                   ItemId(..),
                               ),
                           },
                       },
                   ),
                   args: [],
               },
           )

warning: print test
  --> $DIR/print_path_expr.rs:33:5
   |
33 |     let _print_path = <Magic as B>::CoolTy::a();
   |     ^^^^^^^^^^^^^^^^^^^^^^^^^^^^^^^^^^^^^^^^^^^^
   |
   = note: Call(
               CallExpr {
                   data: CommonExprData {
                       _lifetime: PhantomData<&()>,
                       id: ExprId(..),
                       span: SpanId(..),
                   },
                   operand: Path(
                       PathExpr {
                           data: CommonExprData {
                               _lifetime: PhantomData<&()>,
                               id: ExprId(..),
                               span: SpanId(..),
                           },
                           path: AstQPath {
                               self_ty: None,
                               path_ty: Some(
                                   Path(
                                       PathTy {
                                           data: CommonSynTyData {
                                               _lifetime: PhantomData<&()>,
                                               span: SpanId(..),
                                           },
                                           path: AstQPath {
                                               self_ty: Some(
                                                   Path(
                                                       PathTy {
                                                           data: CommonSynTyData {
                                                               _lifetime: PhantomData<&()>,
                                                               span: SpanId(..),
                                                           },
                                                           path: AstQPath {
                                                               self_ty: None,
                                                               path_ty: None,
                                                               path: AstPath {
                                                                   segments: [
                                                                       AstPathSegment {
                                                                           ident: Ident {
                                                                               name: "Magic",
                                                                               span: Span {
                                                                                   source: File(
                                                                                       "$DIR/print_path_expr.rs",
                                                                                   ),
                                                                                   start: 486,
                                                                                   end: 491,
                                                                               },
                                                                           },
                                                                           generics: GenericArgs {
                                                                               args: [],
                                                                           },
                                                                       },
                                                                   ],
                                                               },
                                                               target: Item(
                                                                   ItemId(..),
                                                               ),
                                                           },
                                                       },
                                                   ),
                                               ),
                                               path_ty: None,
                                               path: AstPath {
                                                   segments: [
                                                       AstPathSegment {
                                                           ident: Ident {
                                                               name: "B",
                                                               span: Span {
                                                                   source: File(
                                                                       "$DIR/print_path_expr.rs",
                                                                   ),
                                                                   start: 495,
                                                                   end: 496,
                                                               },
                                                           },
                                                           generics: GenericArgs {
                                                               args: [],
                                                           },
                                                       },
                                                       AstPathSegment {
                                                           ident: Ident {
                                                               name: "CoolTy",
                                                               span: Span {
                                                                   source: File(
                                                                       "$DIR/print_path_expr.rs",
                                                                   ),
                                                                   start: 499,
                                                                   end: 505,
                                                               },
                                                           },
                                                           generics: GenericArgs {
                                                               args: [],
                                                           },
                                                       },
                                                   ],
                                               },
                                               target: Item(
                                                   ItemId(..),
                                               ),
                                           },
                                       },
                                   ),
                               ),
                               path: AstPath {
                                   segments: [
                                       AstPathSegment {
                                           ident: Ident {
                                               name: "B",
                                               span: Span {
                                                   source: File(
                                                       "$DIR/print_path_expr.rs",
                                                   ),
                                                   start: 495,
                                                   end: 496,
                                               },
                                           },
                                           generics: GenericArgs {
                                               args: [],
                                           },
                                       },
                                       AstPathSegment {
                                           ident: Ident {
                                               name: "CoolTy",
                                               span: Span {
                                                   source: File(
                                                       "$DIR/print_path_expr.rs",
                                                   ),
                                                   start: 499,
                                                   end: 505,
                                               },
                                           },
                                           generics: GenericArgs {
                                               args: [],
                                           },
                                       },
                                       AstPathSegment {
                                           ident: Ident {
                                               name: "a",
                                               span: Span {
                                                   source: File(
                                                       "$DIR/print_path_expr.rs",
                                                   ),
                                                   start: 507,
                                                   end: 508,
                                               },
                                           },
                                           generics: GenericArgs {
                                               args: [],
                                           },
                                       },
                                   ],
                               },
                               target: Item(
                                   ItemId(..),
                               ),
                           },
                       },
                   ),
                   args: [],
               },
           )

warning: print test
  --> $DIR/print_path_expr.rs:34:5
   |
34 |     let _print_path = <<Magic as B>::CoolTy as A>::a();
   |     ^^^^^^^^^^^^^^^^^^^^^^^^^^^^^^^^^^^^^^^^^^^^^^^^^^^
   |
   = note: Call(
               CallExpr {
                   data: CommonExprData {
                       _lifetime: PhantomData<&()>,
                       id: ExprId(..),
                       span: SpanId(..),
                   },
                   operand: Path(
                       PathExpr {
                           data: CommonExprData {
                               _lifetime: PhantomData<&()>,
                               id: ExprId(..),
                               span: SpanId(..),
                           },
                           path: AstQPath {
                               self_ty: Some(
                                   Path(
                                       PathTy {
                                           data: CommonSynTyData {
                                               _lifetime: PhantomData<&()>,
                                               span: SpanId(..),
                                           },
                                           path: AstQPath {
                                               self_ty: Some(
                                                   Path(
                                                       PathTy {
                                                           data: CommonSynTyData {
                                                               _lifetime: PhantomData<&()>,
                                                               span: SpanId(..),
                                                           },
                                                           path: AstQPath {
                                                               self_ty: None,
                                                               path_ty: None,
                                                               path: AstPath {
                                                                   segments: [
                                                                       AstPathSegment {
                                                                           ident: Ident {
                                                                               name: "Magic",
                                                                               span: Span {
                                                                                   source: File(
                                                                                       "$DIR/print_path_expr.rs",
                                                                                   ),
                                                                                   start: 536,
                                                                                   end: 541,
                                                                               },
                                                                           },
                                                                           generics: GenericArgs {
                                                                               args: [],
                                                                           },
                                                                       },
                                                                   ],
                                                               },
                                                               target: Item(
                                                                   ItemId(..),
                                                               ),
                                                           },
                                                       },
                                                   ),
                                               ),
                                               path_ty: None,
                                               path: AstPath {
                                                   segments: [
                                                       AstPathSegment {
                                                           ident: Ident {
                                                               name: "B",
                                                               span: Span {
                                                                   source: File(
                                                                       "$DIR/print_path_expr.rs",
                                                                   ),
                                                                   start: 545,
                                                                   end: 546,
                                                               },
                                                           },
                                                           generics: GenericArgs {
                                                               args: [],
                                                           },
                                                       },
                                                       AstPathSegment {
                                                           ident: Ident {
                                                               name: "CoolTy",
                                                               span: Span {
                                                                   source: File(
                                                                       "$DIR/print_path_expr.rs",
                                                                   ),
                                                                   start: 549,
                                                                   end: 555,
                                                               },
                                                           },
                                                           generics: GenericArgs {
                                                               args: [],
                                                           },
                                                       },
                                                   ],
                                               },
                                               target: Item(
                                                   ItemId(..),
                                               ),
                                           },
                                       },
                                   ),
                               ),
                               path_ty: None,
                               path: AstPath {
                                   segments: [
                                       AstPathSegment {
                                           ident: Ident {
                                               name: "A",
                                               span: Span {
                                                   source: File(
                                                       "$DIR/print_path_expr.rs",
                                                   ),
                                                   start: 559,
                                                   end: 560,
                                               },
                                           },
                                           generics: GenericArgs {
                                               args: [],
                                           },
                                       },
                                       AstPathSegment {
                                           ident: Ident {
                                               name: "a",
                                               span: Span {
                                                   source: File(
                                                       "$DIR/print_path_expr.rs",
                                                   ),
                                                   start: 563,
                                                   end: 564,
                                               },
                                           },
                                           generics: GenericArgs {
                                               args: [],
                                           },
                                       },
                                   ],
                               },
                               target: Item(
                                   ItemId(..),
                               ),
                           },
                       },
                   ),
                   args: [],
               },
           )

warning: print test
  --> $DIR/print_path_expr.rs:37:5
   |
37 |     let _print_path = var;
   |     ^^^^^^^^^^^^^^^^^^^^^^
   |
   = note: Path(
               PathExpr {
                   data: CommonExprData {
                       _lifetime: PhantomData<&()>,
                       id: ExprId(..),
                       span: SpanId(..),
                   },
                   path: AstQPath {
                       self_ty: None,
                       path_ty: None,
                       path: AstPath {
                           segments: [
                               AstPathSegment {
                                   ident: Ident {
                                       name: "var",
                                       span: Span {
                                           source: File(
                                               "$DIR/print_path_expr.rs",
                                           ),
                                           start: 608,
                                           end: 611,
                                       },
                                   },
                                   generics: GenericArgs {
                                       args: [],
                                   },
                               },
                           ],
                       },
                       target: Var(
                           VarId(..),
                       ),
                   },
               },
           )

warning: 5 warnings emitted

