If(
    IfExpr {
        data: CommonExprData {
            _lifetime: PhantomData<&()>,
            id: ExprId(..),
            span: SpanId(..),
        },
        condition: Path(
            PathExpr {
                data: CommonExprData {
                    _lifetime: PhantomData<&()>,
                    id: ExprId(..),
                    span: SpanId(..),
                },
                path: AstQPath {
                    self_ty: None,
                    path_ty: None,
                    path: AstPath {
                        segments: [
                            AstPathSegment {
                                ident: Ident {
                                    name: "cond",
                                    span: Span {
                                        source: File(
                                            "$DIR/print_cond_expr.rs",
                                        ),
                                        start: 109,
                                        end: 113,
                                    },
                                },
                                generics: GenericArgs {
                                    args: [],
                                },
                            },
                        ],
                    },
                    target: Var(
                        VarId(..),
                    ),
                },
            },
        ),
        then: Block(
            BlockExpr {
                data: CommonExprData {
                    _lifetime: PhantomData<&()>,
                    id: ExprId(..),
                    span: SpanId(..),
                },
                stmts: [
                    Expr(
                        If(
                            IfExpr {
                                data: CommonExprData {
                                    _lifetime: PhantomData<&()>,
                                    id: ExprId(..),
                                    span: SpanId(..),
                                },
                                condition: Path(
                                    PathExpr {
                                        data: CommonExprData {
                                            _lifetime: PhantomData<&()>,
                                            id: ExprId(..),
                                            span: SpanId(..),
                                        },
                                        path: AstQPath {
                                            self_ty: None,
                                            path_ty: None,
                                            path: AstPath {
                                                segments: [
                                                    AstPathSegment {
                                                        ident: Ident {
                                                            name: "cond",
                                                            span: Span {
                                                                source: File(
                                                                    "$DIR/print_cond_expr.rs",
                                                                ),
                                                                start: 263,
                                                                end: 267,
                                                            },
                                                        },
                                                        generics: GenericArgs {
                                                            args: [],
                                                        },
                                                    },
                                                ],
                                            },
                                            target: Var(
                                                VarId(..),
                                            ),
                                        },
                                    },
                                ),
                                then: Block(
                                    BlockExpr {
                                        data: CommonExprData {
                                            _lifetime: PhantomData<&()>,
                                            id: ExprId(..),
                                            span: SpanId(..),
                                        },
                                        stmts: [],
                                        expr: None,
                                        is_unsafe: false,
                                    },
                                ),
                                els: None,
                            },
                        ),
                    ),
                ],
                expr: Some(
                    IntLit(
                        IntLitExpr {
                            data: CommonExprData {
                                _lifetime: PhantomData<&()>,
                                id: ExprId(..),
                                span: SpanId(..),
                            },
                            value: 1,
                            suffix: None,
                        },
                    ),
                ),
                is_unsafe: false,
            },
        ),
        els: Some(
            Block(
                BlockExpr {
                    data: CommonExprData {
                        _lifetime: PhantomData<&()>,
                        id: ExprId(..),
                        span: SpanId(..),
                    },
                    stmts: [],
                    expr: Some(
                        IntLit(
                            IntLitExpr {
                                data: CommonExprData {
                                    _lifetime: PhantomData<&()>,
                                    id: ExprId(..),
                                    span: SpanId(..),
                                },
                                value: 2,
                                suffix: None,
                            },
                        ),
                    ),
                    is_unsafe: false,
                },
            ),
        ),
    },
)

If(
    IfExpr {
        data: CommonExprData {
            _lifetime: PhantomData<&()>,
            id: ExprId(..),
            span: SpanId(..),
        },
        condition: Let(
            LetExpr {
                data: CommonExprData {
                    _lifetime: PhantomData<&()>,
                    id: ExprId(..),
                    span: SpanId(..),
                },
                pat: Struct(
                    StructPat {
                        data: CommonPatData {
                            _lifetime: PhantomData<&()>,
                            span: SpanId(..),
                        },
                        path: AstPath {
                            segments: [
                                AstPathSegment {
                                    ident: Ident {
                                        name: "Some",
                                        span: Span {
                                            source: File(
                                                "$DIR/print_cond_expr.rs",
                                            ),
                                            start: 366,
                                            end: 370,
                                        },
                                    },
                                    generics: GenericArgs {
                                        args: [],
                                    },
                                },
                            ],
                        },
                        fields: [
                            StructFieldPat {
                                span: SpanId(..),
                                ident: SymbolId(..),
                                pat: Wildcard(
                                    WildcardPat {
                                        data: CommonPatData {
                                            _lifetime: PhantomData<&()>,
                                            span: SpanId(..),
                                        },
                                    },
                                ),
                            },
                        ],
                        is_non_exhaustive: false,
                    },
                ),
                scrutinee: Path(
                    PathExpr {
                        data: CommonExprData {
                            _lifetime: PhantomData<&()>,
                            id: ExprId(..),
                            span: SpanId(..),
                        },
                        path: AstQPath {
                            self_ty: None,
                            path_ty: None,
                            path: AstPath {
                                segments: [
                                    AstPathSegment {
                                        ident: Ident {
                                            name: "opt",
                                            span: Span {
                                                source: File(
                                                    "$DIR/print_cond_expr.rs",
                                                ),
                                                start: 376,
                                                end: 379,
                                            },
                                        },
                                        generics: GenericArgs {
                                            args: [],
                                        },
                                    },
                                ],
                            },
                            target: Var(
                                VarId(..),
                            ),
                        },
                    },
                ),
            },
        ),
        then: Block(
            BlockExpr {
                data: CommonExprData {
                    _lifetime: PhantomData<&()>,
                    id: ExprId(..),
                    span: SpanId(..),
                },
                stmts: [],
                expr: Some(
                    StrLit(
                        StrLitExpr {
                            data: CommonExprData {
                                _lifetime: PhantomData<&()>,
                                id: ExprId(..),
                                span: SpanId(..),
                            },
                            is_raw: false,
                            str_data: Sym(
                                SymbolId(..),
                            ),
                        },
                    ),
                ),
                is_unsafe: false,
            },
        ),
        els: Some(
            Block(
                BlockExpr {
                    data: CommonExprData {
                        _lifetime: PhantomData<&()>,
                        id: ExprId(..),
                        span: SpanId(..),
                    },
                    stmts: [],
                    expr: Some(
                        StrLit(
                            StrLitExpr {
                                data: CommonExprData {
                                    _lifetime: PhantomData<&()>,
                                    id: ExprId(..),
                                    span: SpanId(..),
                                },
                                is_raw: false,
                                str_data: Sym(
                                    SymbolId(..),
                                ),
                            },
                        ),
                    ),
                    is_unsafe: false,
                },
            ),
        ),
    },
)

If(
    IfExpr {
        data: CommonExprData {
            _lifetime: PhantomData<&()>,
            id: ExprId(..),
            span: SpanId(..),
        },
        condition: Path(
            PathExpr {
                data: CommonExprData {
                    _lifetime: PhantomData<&()>,
                    id: ExprId(..),
                    span: SpanId(..),
                },
                path: AstQPath {
                    self_ty: None,
                    path_ty: None,
                    path: AstPath {
                        segments: [
                            AstPathSegment {
                                ident: Ident {
                                    name: "a",
                                    span: Span {
                                        source: File(
                                            "$DIR/print_cond_expr.rs",
                                        ),
                                        start: 473,
                                        end: 474,
                                    },
                                },
                                generics: GenericArgs {
                                    args: [],
                                },
                            },
                        ],
                    },
                    target: Var(
                        VarId(..),
                    ),
                },
            },
        ),
        then: Block(
            BlockExpr {
                data: CommonExprData {
                    _lifetime: PhantomData<&()>,
                    id: ExprId(..),
                    span: SpanId(..),
                },
                stmts: [],
                expr: Some(
                    IntLit(
                        IntLitExpr {
                            data: CommonExprData {
                                _lifetime: PhantomData<&()>,
                                id: ExprId(..),
                                span: SpanId(..),
                            },
                            value: 1,
                            suffix: None,
                        },
                    ),
                ),
                is_unsafe: false,
            },
        ),
        els: Some(
            If(
                IfExpr {
                    data: CommonExprData {
                        _lifetime: PhantomData<&()>,
                        id: ExprId(..),
                        span: SpanId(..),
                    },
                    condition: Path(
                        PathExpr {
                            data: CommonExprData {
                                _lifetime: PhantomData<&()>,
                                id: ExprId(..),
                                span: SpanId(..),
                            },
                            path: AstQPath {
                                self_ty: None,
                                path_ty: None,
                                path: AstPath {
                                    segments: [
                                        AstPathSegment {
                                            ident: Ident {
                                                name: "b",
                                                span: Span {
                                                    source: File(
                                                        "$DIR/print_cond_expr.rs",
                                                    ),
                                                    start: 501,
                                                    end: 502,
                                                },
                                            },
                                            generics: GenericArgs {
                                                args: [],
                                            },
                                        },
                                    ],
                                },
                                target: Var(
                                    VarId(..),
                                ),
                            },
                        },
                    ),
                    then: Block(
                        BlockExpr {
                            data: CommonExprData {
                                _lifetime: PhantomData<&()>,
                                id: ExprId(..),
                                span: SpanId(..),
                            },
                            stmts: [],
                            expr: Some(
                                IntLit(
                                    IntLitExpr {
                                        data: CommonExprData {
                                            _lifetime: PhantomData<&()>,
                                            id: ExprId(..),
                                            span: SpanId(..),
                                        },
                                        value: 2,
                                        suffix: None,
                                    },
                                ),
                            ),
                            is_unsafe: false,
                        },
                    ),
                    els: Some(
                        Block(
                            BlockExpr {
                                data: CommonExprData {
                                    _lifetime: PhantomData<&()>,
                                    id: ExprId(..),
                                    span: SpanId(..),
                                },
                                stmts: [],
                                expr: Some(
                                    IntLit(
                                        IntLitExpr {
                                            data: CommonExprData {
                                                _lifetime: PhantomData<&()>,
                                                id: ExprId(..),
                                                span: SpanId(..),
                                            },
                                            value: 3,
                                            suffix: None,
                                        },
                                    ),
                                ),
                                is_unsafe: false,
                            },
                        ),
                    ),
                },
            ),
        ),
    },
)

Match(
    MatchExpr {
        data: CommonExprData {
            _lifetime: PhantomData<&()>,
            id: ExprId(..),
            span: SpanId(..),
        },
        scrutinee: Path(
            PathExpr {
                data: CommonExprData {
                    _lifetime: PhantomData<&()>,
                    id: ExprId(..),
                    span: SpanId(..),
                },
                path: AstQPath {
                    self_ty: None,
                    path_ty: None,
                    path: AstPath {
                        segments: [
                            AstPathSegment {
                                ident: Ident {
                                    name: "scrutinee",
                                    span: Span {
                                        source: File(
                                            "$DIR/print_cond_expr.rs",
                                        ),
                                        start: 609,
                                        end: 618,
                                    },
                                },
                                generics: GenericArgs {
                                    args: [],
                                },
                            },
                        ],
                    },
                    target: Var(
                        VarId(..),
                    ),
                },
            },
        ),
        arms: [
            MatchArm {
                span: SpanId(..),
                pat: Slice(
                    SlicePat {
                        data: CommonPatData {
                            _lifetime: PhantomData<&()>,
                            span: SpanId(..),
                        },
                        elements: [],
                    },
                ),
                guard: None,
                expr: IntLit(
                    IntLitExpr {
                        data: CommonExprData {
                            _lifetime: PhantomData<&()>,
                            id: ExprId(..),
                            span: SpanId(..),
                        },
                        value: 1,
                        suffix: None,
                    },
                ),
            },
            MatchArm {
                span: SpanId(..),
                pat: Slice(
                    SlicePat {
                        data: CommonPatData {
                            _lifetime: PhantomData<&()>,
                            span: SpanId(..),
                        },
                        elements: [
                            Ident(
                                IdentPat {
                                    data: CommonPatData {
                                        _lifetime: PhantomData<&()>,
                                        span: SpanId(..),
                                    },
                                    name: SymbolId(..),
                                    var: VarId(..),
                                    is_mut: false,
                                    is_ref: false,
                                    binding_pat: None,
                                },
                            ),
                        ],
                    },
                ),
                guard: Some(
                    Call(
                        CallExpr {
                            data: CommonExprData {
                                _lifetime: PhantomData<&()>,
                                id: ExprId(..),
                                span: SpanId(..),
                            },
                            operand: Path(
                                PathExpr {
                                    data: CommonExprData {
                                        _lifetime: PhantomData<&()>,
                                        id: ExprId(..),
                                        span: SpanId(..),
                                    },
                                    path: AstQPath {
                                        self_ty: None,
                                        path_ty: None,
                                        path: AstPath {
                                            segments: [
                                                AstPathSegment {
                                                    ident: Ident {
                                                        name: "check",
                                                        span: Span {
                                                            source: File(
                                                                "$DIR/print_cond_expr.rs",
                                                            ),
                                                            start: 653,
                                                            end: 658,
                                                        },
                                                    },
                                                    generics: GenericArgs {
                                                        args: [],
                                                    },
                                                },
                                            ],
                                        },
                                        target: Item(
                                            ItemId(..),
                                        ),
                                    },
                                },
                            ),
                            args: [
                                Path(
                                    PathExpr {
                                        data: CommonExprData {
                                            _lifetime: PhantomData<&()>,
                                            id: ExprId(..),
                                            span: SpanId(..),
                                        },
                                        path: AstQPath {
                                            self_ty: None,
                                            path_ty: None,
                                            path: AstPath {
                                                segments: [
                                                    AstPathSegment {
                                                        ident: Ident {
                                                            name: "x",
                                                            span: Span {
                                                                source: File(
                                                                    "$DIR/print_cond_expr.rs",
                                                                ),
                                                                start: 659,
                                                                end: 660,
                                                            },
                                                        },
                                                        generics: GenericArgs {
                                                            args: [],
                                                        },
                                                    },
                                                ],
                                            },
                                            target: Var(
                                                VarId(..),
                                            ),
                                        },
                                    },
                                ),
                            ],
                        },
                    ),
                ),
                expr: IntLit(
                    IntLitExpr {
                        data: CommonExprData {
                            _lifetime: PhantomData<&()>,
                            id: ExprId(..),
                            span: SpanId(..),
                        },
                        value: 2,
                        suffix: None,
                    },
                ),
            },
            MatchArm {
                span: SpanId(..),
                pat: Wildcard(
                    WildcardPat {
                        data: CommonPatData {
                            _lifetime: PhantomData<&()>,
                            span: SpanId(..),
                        },
                    },
                ),
                guard: None,
                expr: Block(
                    BlockExpr {
                        data: CommonExprData {
                            _lifetime: PhantomData<&()>,
                            id: ExprId(..),
                            span: SpanId(..),
                        },
                        stmts: [],
                        expr: Some(
                            IntLit(
                                IntLitExpr {
                                    data: CommonExprData {
                                        _lifetime: PhantomData<&()>,
                                        id: ExprId(..),
                                        span: SpanId(..),
                                    },
                                    value: 3,
                                    suffix: None,
                                },
                            ),
                        ),
                        is_unsafe: false,
                    },
                ),
            },
        ],
    },
)

