Method(
    MethodExpr {
        data: CommonExprData {
            _lifetime: PhantomData<&()>,
            id: ExprId(..),
            span: SpanId(..),
        },
        receiver: Path(
            PathExpr {
                data: CommonExprData {
                    _lifetime: PhantomData<&()>,
                    id: ExprId(..),
                    span: SpanId(..),
                },
                path: AstQPath {
                    self_ty: None,
                    path_ty: None,
                    path: AstPath {
                        segments: [
                            AstPathSegment {
                                ident: Ident {
                                    name: "foo",
                                    span: Span {
                                        source: File(
                                            "$DIR/print_object_exprs.rs",
                                        ),
                                        start: 273,
                                        end: 276,
                                    },
                                },
                                generics: GenericArgs {
                                    args: [],
                                },
                            },
                        ],
                    },
                    target: Var(
                        VarId(..),
                    ),
                },
            },
        ),
        method: AstPathSegment {
            ident: Ident {
                name: "print",
                span: Span {
                    source: File(
                        "$DIR/print_object_exprs.rs",
                    ),
                    start: 277,
                    end: 282,
                },
            },
            generics: GenericArgs {
                args: [],
            },
        },
        args: [],
    },
)

Method(
    MethodExpr {
        data: CommonExprData {
            _lifetime: PhantomData<&()>,
            id: ExprId(..),
            span: SpanId(..),
        },
        receiver: Path(
            PathExpr {
                data: CommonExprData {
                    _lifetime: PhantomData<&()>,
                    id: ExprId(..),
                    span: SpanId(..),
                },
                path: AstQPath {
                    self_ty: None,
                    path_ty: None,
                    path: AstPath {
                        segments: [
                            AstPathSegment {
                                ident: Ident {
                                    name: "foo",
                                    span: Span {
                                        source: File(
                                            "$DIR/print_object_exprs.rs",
                                        ),
                                        start: 310,
                                        end: 313,
                                    },
                                },
                                generics: GenericArgs {
                                    args: [],
                                },
                            },
                        ],
                    },
                    target: Var(
                        VarId(..),
                    ),
                },
            },
        ),
        method: AstPathSegment {
            ident: Ident {
                name: "inc",
                span: Span {
                    source: File(
                        "$DIR/print_object_exprs.rs",
                    ),
                    start: 314,
                    end: 317,
                },
            },
            generics: GenericArgs {
                args: [],
            },
        },
        args: [
            IntLit(
                IntLitExpr {
                    data: CommonExprData {
                        _lifetime: PhantomData<&()>,
                        id: ExprId(..),
                        span: SpanId(..),
                    },
                    value: 2,
                    suffix: None,
                },
            ),
        ],
    },
)

