StrLit(
    StrLitExpr {
        data: CommonExprData {
            _lifetime: PhantomData<&()>,
            id: ExprId(..),
            span: SpanId(..),
        },
        is_raw: true,
        str_data: Sym(
            SymbolId(..),
        ),
    },
)

StrLit(
    StrLitExpr {
        data: CommonExprData {
            _lifetime: PhantomData<&()>,
            id: ExprId(..),
            span: SpanId(..),
        },
        is_raw: false,
        str_data: Bytes(
            [
                72,
                101,
                108,
                108,
                111,
                10,
            ],
        ),
    },
)

IntLit(
    IntLitExpr {
        data: CommonExprData {
            _lifetime: PhantomData<&()>,
            id: ExprId(..),
            span: SpanId(..),
        },
        value: 17,
        suffix: Some(
            I32,
        ),
    },
)

FloatLit(
    FloatLitExpr {
        data: CommonExprData {
            _lifetime: PhantomData<&()>,
            id: ExprId(..),
            span: SpanId(..),
        },
        value: 1.5e-5,
        suffix: None,
    },
)

CharLit(
    CharLitExpr {
        data: CommonExprData {
            _lifetime: PhantomData<&()>,
            id: ExprId(..),
            span: SpanId(..),
        },
        value: 'h',
    },
)

IntLit(
    IntLitExpr {
        data: CommonExprData {
            _lifetime: PhantomData<&()>,
            id: ExprId(..),
            span: SpanId(..),
        },
        value: 51966,
        suffix: None,
    },
)

IntLit(
    IntLitExpr {
        data: CommonExprData {
            _lifetime: PhantomData<&()>,
            id: ExprId(..),
            span: SpanId(..),
        },
        value: 68,
        suffix: None,
    },
)

Block(
    BlockExpr {
        data: CommonExprData {
            _lifetime: PhantomData<&()>,
            id: ExprId(..),
            span: SpanId(..),
        },
        stmts: [],
        expr: None,
    },
)

